[2026-09-13 13:18:22] [STARTUP] Hello Plugin saw startup
[2026-09-13 13:18:33] [SEARCH] Hello Plugin saw search
[2026-09-13 13:19:13] [SAVE] Hello Plugin saw save
[2026-09-13 13:20:00] [EXIT] Hello Plugin saw exit
[2026-09-13 13:22:57] [STARTUP] Hello Plugin saw startup
[2026-09-13 13:29:33] [EXIT] Hello Plugin saw exit
[2026-09-13 13:29:40] [STARTUP] Hello Plugin saw startup
[2026-09-13 13:30:08] [EXIT] Hello Plugin saw exit
[2026-09-13 14:39:15] [STARTUP] Hello Plugin saw startup
[2026-09-13 14:43:33] [EXIT] Hello Plugin saw exit
[2026-09-13 14:43:35] [STARTUP] Hello Plugin saw startup
[2026-09-13 14:43:41] [ERROR] Plugin disabled: Hello Plugin
[2026-09-13 14:46:56] [EXIT] Hello Plugin saw exit
[2026-09-13 14:46:58] [STARTUP] Hello Plugin saw startup
[2026-09-13 14:47:06] [ERROR] Plugin disabled: Hello Plugin
[2026-09-13 14:47:31] [ERROR] Plugin disabled: Hello Plugin
[2026-09-13 14:47:32] [ERROR] Plugin disabled: Hello Plugin
[2026-09-13 14:47:44] [ERROR] Plugin disabled: Hello Plugin
[2026-09-13 14:47:44] [ERROR] Plugin disabled: Hello Plugin
[2026-09-13 14:47:47] [EXIT] Hello Plugin saw exit
[2026-09-13 14:47:48] [STARTUP] Hello Plugin saw startup
[2026-09-13 14:48:45] [EXIT] Hello Plugin saw exit
[2026-09-13 14:48:49] [STARTUP] Hello Plugin saw startup
[2026-09-13 14:51:50] [EXIT] Hello Plugin saw exit
[2026-09-13 14:51:58] [STARTUP] Hello Plugin saw startup
[2026-09-13 14:53:28] [EXIT] Hello Plugin saw exit
